// Jest Snapshot v1, https://goo.gl/fbAQLP

exports[`AccessLegBody Component should match the snapshot 1`] = `
<DocumentFragment>
  <div
    class="sc-bwzfXH kGwkzX"
  >
    <button
      aria-pressed="false"
      class="sc-bdVaJa sc-ifAKCX hSXSQR"
    >
      Walk  0.3 miles to NE Sandy & Cesar Chavez Blvd
    </button>
    <button
      aria-pressed="false"
      class="sc-bdVaJa sc-htpNat ciRYoc"
    >
      <span
        class="sc-gqjmRU kbyrUV"
      >
        Click to expand steps for this leg.
      </span>
      6 min walk
      <svg
        class="sc-bxivhb IpLcM"
        expanded="false"
        fill="#484848"
        height="10"
        mode="WALK"
        viewBox="0 0 24 24"
        width="10"
      >
        <path
          d="M0 7.33L2.829 4.5l9.175 9.339L21.171 4.5 24 7.33 12.004 19.5z"
        />
      </svg>
    </button>
    <div
      class="sc-EHOje fpufHo"
    />
  </div>
</DocumentFragment>
`;
