// Jest Snapshot v1, https://goo.gl/fbAQLP

exports[`Transit Leg Body Component should match the snapshot 1`] = `
<DocumentFragment>
  <div
    class="sc-bwzfXH kGwkzX"
  >
    <button
      class="sc-bdVaJa sc-htpNat hncvTK"
    >
      <span
        class="sc-bxivhb hGsGIP"
      >
        Board 12-Barbur/Sandy Blvd 
        <span
          class="sc-ifAKCX khTzTx"
        >
          to 
        </span>
        Tigard TC via Portland City Center
      </span>
    </button>
    <div
      class="sc-htoDjs bZzhDu"
    >
      <button
        class="sc-bdVaJa sc-dnqmqq wOxjB"
      >
        23 min ride (17 stops) 
        <svg
          class="sc-iwsKbI htJanY"
          expanded="false"
          fill="#008ab0"
          height="10"
          mode="BUS"
          viewBox="0 0 24 24"
          width="10"
        >
          <path
            d="M0 7.33L2.829 4.5l9.175 9.339L21.171 4.5 24 7.33 12.004 19.5z"
          />
        </svg>
      </button>
      <div
        class="sc-gZMcBi liQYWD"
      >
        <div
          class="sc-gqjmRU hnZXkc"
        />
      </div>
    </div>
  </div>
</DocumentFragment>
`;
